python : Traceback (most recent call last):
At line:1 char:1
+ python d:\QR\test_db.py 2>&1 | Out-File -FilePath d:\QR\test_output.t ...
+ ~~~~~~~~~~~~~~~~~~~~~~~~~~~~
    + CategoryInfo          : NotSpecified: (Traceback (most recent call last 
   )::String) [], RemoteException
    + FullyQualifiedErrorId : NativeCommandError
 
  File "d:\QR\test_db.py", line 53, in <module>
============================================================
Testing with email: test_wb5kq0@test.com
============================================================

--- 1. SIGNUP ---
  Status: 201
    print(f"  Response: {json.dumps(data, ensure_ascii=False, indent=2)}")
  File "C:\Program Files\WindowsApps\PythonSoftwareFoundation.Python.3.12_3.12
.2800.0_x64__qbz5n2kfra8p0\Lib\encodings\cp1252.py", line 19, in encode
    return codecs.charmap_encode(input,self.errors,encoding_table)[0]
           ^^^^^^^^^^^^^^^^^^^^^^^^^^^^^^^^^^^^^^^^^^^^^^^^^^^^^^^
UnicodeEncodeError: 'charmap' codec can't encode characters in position 
29-30: character maps to <undefined>
